Python 3.8.2 (tags/v3.8.2:7b3ab59, Feb 25 2020, 23:03:10) [MSC v.1916 64 bit (AMD64)] on win32
Type "help", "copyright", "credits" or "license()" for more information.
>>> 2+4
6
>>> a= 3
>>> b-7
Traceback (most recent call last):
  File "<pyshell#2>", line 1, in <module>
    b-7
NameError: name 'b' is not defined
>>> a= 3
>>> b=6
>>> a+b =
SyntaxError: invalid syntax
>>> print(a+b)
9
>>> 